I'm sorry, but errors were detected in your script. Please correct the
errors listed below, and try again.


File "game/screens.rpy", line 369: 'show' is not a keyword argument or valid child of the screen statement.
    show screen sparkle_overlay
        ^

Ren'Py Version: Ren'Py 8.3.7.25031702
Fri Apr 18 14:18:31 2025
